// 重构日志: a86baa0c
// 重构日志: 4555816e
// 重构日志: 065c8e14
// 重构日志: 8ded6484
// 重构日志: 90d333a4
// 重构日志: 8383f210
// 同步 ID: 66ecc337 @ Sun Jul 12 11:51:01 UTC 2026
// 重构日志: 4bf1597c
// 重构日志: f3f37cf0
// 重构日志: 86ebbe04
// 同步 ID: b294b7b2 @ Wed Jul 15 07:04:43 UTC 2026
// 重构日志: 5f9886e8
// 重构日志: eedc6df6
// 重构日志: cfad0109
// 重构日志: 581278fa
// 同步 ID: d9ff3883 @ Tue Jul 21 08:30:18 UTC 2026
// 同步 ID: 2841f86c @ Tue Jul 21 22:53:10 UTC 2026
// 重构日志: 6338b3cd
// 同步 ID: 4babd5b8 @ Sat Jul 25 21:06:08 UTC 2026
// 重构日志: d693918d
// 同步 ID: f9970391 @ Mon Jul 27 23:08:18 UTC 2026
// 重构日志: 3d0d4a1e
// 重构日志: 8ed0cd52
// 重构日志: b369f2ee
// 同步 ID: b29bc234 @ Fri Jul 31 17:35:17 UTC 2026
// 同步 ID: a30ffc73 @ Sat Aug  1 02:10:20 UTC 2026
// 重构日志: 8f38400c
// 同步 ID: 5d8be166 @ Sat Aug  1 13:52:20 UTC 2026
// 同步 ID: f26920d1 @ Sat Aug  1 16:15:12 UTC 2026
